../Core/Src/main.c:89:6:myprintf	16	static
../Core/Src/main.c:115:5:main	32	static
../Core/Src/main.c:234:6:SystemClock_Config	88	static
../Core/Src/main.c:282:13:MX_ADC1_Init	24	static
../Core/Src/main.c:334:13:MX_DAC_Init	16	static
../Core/Src/main.c:374:13:MX_TIM2_Init	32	static
../Core/Src/main.c:419:13:MX_USART2_UART_Init	8	static
../Core/Src/main.c:450:13:MX_DMA_Init	16	static
../Core/Src/main.c:472:13:MX_GPIO_Init	16	static
../Core/Src/main.c:496:6:HAL_TIM_PeriodElapsedCallback	16	static
../Core/Src/main.c:513:6:Error_Handler	4	static,ignoring_inline_asm
